[comfycool.in/index.html]
[backblue.gif]
[fade.gif]
[index.html]
[comfycool.in/images/favicon.jpg]
[comfycool.in/css/bootstrap.min.css]
[comfycool.in/css/animate.css]
[comfycool.in/css/owl.carousel.css]
[comfycool.in/css/font-awesome.css]
[comfycool.in/css/themify-icons.css]
[comfycool.in/css/flaticon.css]
[comfycool.in/revolution/css/layers.css]
[comfycool.in/revolution/css/settings.css]
[comfycool.in/css/prettyPhoto.css]
[comfycool.in/css/shortcodes.css]
[comfycool.in/css/main.css]
[comfycool.in/css/color-switcher.css]
[comfycool.in/css/colors/default-color.css]
[comfycool.in/css/responsive.css]
[comfycool.in/images/logo-img.png]
[comfycool.in/images/slides/slider-mainbg-001.jpg]
[comfycool.in/images/slides/slider-mainbg-002.jpg]
[comfycool.in/images/single-img-two.png]
[comfycool.in/images/blog/05.jpg]
[comfycool.in/images/blog/06.jpg]
[comfycool.in/images/blog/07.jpg]
[comfycool.in/images/blog/08.jpg]
[comfycool.in/images/blog/02.jpg]
[comfycool.in/images/portfolio/01.jpg]
[comfycool.in/images/portfolio/02.jpg]
[comfycool.in/images/portfolio/03.jpg]
[comfycool.in/images/portfolio/04.jpg]
[comfycool.in/images/portfolio/05.jpg]
[comfycool.in/images/portfolio/06.jpg]
[comfycool.in/images/step-one.jpg]
[comfycool.in/images/step-two.jpg]
[comfycool.in/images/step-three.jpg]
[comfycool.in/images/step-four.jpg]
[comfycool.in/images/single-img-twel.jpg]
[comfycool.in/images/testimonial/01.jpg]
[comfycool.in/images/testimonial/02.jpg]
[comfycool.in/images/testimonial/03.jpg]
[comfycool.in/images/footer-logo.png]
[comfycool.in/images/flicker/01.jpg]
[comfycool.in/images/flicker/02.jpg]
[comfycool.in/images/flicker/03.jpg]
[comfycool.in/images/flicker/04.jpg]
[comfycool.in/images/flicker/05.jpg]
[comfycool.in/images/flicker/06.jpg]
[comfycool.in/images/flicker/07.jpg]
[comfycool.in/images/flicker/08.jpg]
[comfycool.in/images/flicker/09.jpg]
[comfycool.in/js/jquery.min.js]
[comfycool.in/js/tether.min.js]
[comfycool.in/js/bootstrap.min.js]
[comfycool.in/js/color-switcher.js]
[comfycool.in/js/jquery.easing.js]
[comfycool.in/js/jquery-waypoints.js]
[comfycool.in/js/jquery-validate.js]
[comfycool.in/js/owl.carousel.js]
[comfycool.in/js/jquery.prettyPhoto.js]
[comfycool.in/js/numinate.min69596959.js]
[comfycool.in/js/main.js]
[comfycool.in/revolution/js/jquery.themepunch.tools.min.js]
[comfycool.in/revolution/js/jquery.themepunch.revolution.min.js]
[comfycool.in/revolution/js/slider.js]
[comfycool.in/revolution/js/extensions/revolution.extension.actions.min.js]
[comfycool.in/revolution/js/extensions/revolution.extension.carousel.min.js]
[comfycool.in/revolution/js/extensions/revolution.extension.kenburn.min.js]
[comfycool.in/revolution/js/extensions/revolution.extension.layeranimation.min.js]
[comfycool.in/revolution/js/extensions/revolution.extension.migration.min.js]
[comfycool.in/revolution/js/extensions/revolution.extension.navigation.min.js]
[comfycool.in/revolution/js/extensions/revolution.extension.parallax.min.js]
[comfycool.in/index.html]
[comfycool.in/revolution/js/extensions/revolution.extension.slideanims.min.js]
[comfycool.in/css/bootstrap.min.css]
[comfycool.in/css/animate.css]
[comfycool.in/css/owl.carousel.css]
[comfycool.in/fonts/fontawesome-webfont3e6e3e6e.eot]
[comfycool.in/fonts/fontawesome-webfont3e6e3e6e.woff2]
[comfycool.in/fonts/fontawesome-webfontd41dd41d.eot]
[comfycool.in/fonts/fontawesome-webfont3e6e3e6e.woff]
[comfycool.in/fonts/fontawesome-webfont3e6e3e6e.ttf]
[comfycool.in/css/font-awesome.css]
[comfycool.in/fonts/fontawesome-webfont3e6e3e6e.svg]
[comfycool.in/fonts/themify9f249f24.eot]
[comfycool.in/fonts/themifyd41dd41d.eot]
[comfycool.in/fonts/themify9f249f24.woff]
[comfycool.in/fonts/themify9f249f24.ttf]
[comfycool.in/css/themify-icons.css]
[comfycool.in/fonts/themify9f249f24.svg]
[comfycool.in/fonts/Flaticon.eot]
[comfycool.in/fonts/Flaticond41dd41d.eot]
[comfycool.in/fonts/Flaticon.woff2]
[comfycool.in/fonts/Flaticon.woff]
[comfycool.in/fonts/Flaticon.ttf]
[comfycool.in/css/flaticon.css]
[comfycool.in/revolution/css/layers.css]
[comfycool.in/fonts/Flaticon.svg]
[comfycool.in/revolution/fonts/revicons/revicons90c690c690c6.eot]
[comfycool.in/revolution/fonts/revicons/revicons90c690c690c6.woff]
[comfycool.in/revolution/fonts/revicons/revicons90c690c690c6.ttf]
[comfycool.in/revolution/css/settings.css]
[comfycool.in/images/prettyPhoto/default/sprite.png]
[comfycool.in/images/prettyPhoto/default/sprite_x.png]
[comfycool.in/images/prettyPhoto/default/sprite_y.png]
[comfycool.in/images/prettyPhoto/default/sprite_next.png]
[comfycool.in/images/prettyPhoto/default/sprite_prev.png]
[comfycool.in/images/prettyPhoto/default/default_thumb.png]
[comfycool.in/images/prettyPhoto/default/loader.gif]
[comfycool.in/images/prettyPhoto/light_rounded/sprite.png]
[comfycool.in/images/prettyPhoto/light_rounded/btnNext.png]
[comfycool.in/images/prettyPhoto/light_rounded/btnPrevious.png]
[comfycool.in/images/prettyPhoto/dark_rounded/sprite.png]
[comfycool.in/images/prettyPhoto/dark_rounded/contentPattern.png]
[comfycool.in/images/prettyPhoto/dark_rounded/btnNext.png]
[comfycool.in/images/prettyPhoto/dark_rounded/btnPrevious.png]
[comfycool.in/images/prettyPhoto/dark_rounded/loader.gif]
[comfycool.in/images/prettyPhoto/dark_square/loader.gif]
[comfycool.in/images/prettyPhoto/dark_square/sprite.png]
[comfycool.in/images/prettyPhoto/dark_square/btnNext.png]
[comfycool.in/images/prettyPhoto/dark_square/btnPrevious.png]
[comfycool.in/images/prettyPhoto/light_square/sprite.png]
[comfycool.in/images/prettyPhoto/light_square/btnNext.png]
[comfycool.in/images/prettyPhoto/light_square/btnPrevious.png]
[comfycool.in/images/prettyPhoto/facebook/sprite.png]
[comfycool.in/images/prettyPhoto/facebook/contentPatternTop.png]
[comfycool.in/images/prettyPhoto/facebook/contentPatternLeft.png]
[comfycool.in/images/prettyPhoto/facebook/contentPatternRight.png]
[comfycool.in/images/prettyPhoto/facebook/loader.gif]
[comfycool.in/images/prettyPhoto/facebook/btnNext.png]
[comfycool.in/images/prettyPhoto/facebook/btnPrevious.png]
[comfycool.in/images/prettyPhoto/facebook/contentPatternBottom.png]
[comfycool.in/images/prettyPhoto/facebook/default_thumbnail.gif]
[comfycool.in/images/prettyPhoto/light_rounded/loader.gif]
[comfycool.in/css/prettyPhoto.css]
[comfycool.in/images/bg-image/row-bgimage-1.png]
[comfycool.in/images/bg-image/row-bgimage-2.jpg]
[comfycool.in/images/bg-image/row-bgimage-3.jpg]
[comfycool.in/images/bg-image/row-bgimage-4.jpg]
[comfycool.in/images/bg-image/row-bgimage-5.jpg]
[comfycool.in/images/bg-image/row-bgimage-6.jpg]
[comfycool.in/images/bg-image/row-bgimage-7.jpg]
[comfycool.in/images/bg-image/row-bgimage-8.jpg]
[comfycool.in/images/bg-image/row-bgimage-9.jpg]
[comfycool.in/images/bg-image/row-bgimage-10.jpg]
[comfycool.in/images/bg-image/row-bgimage-11.jpg]
[comfycool.in/images/bg-image/row-bgimage-12.png]
[comfycool.in/images/bg-image/row-bgimage-13.jpg]
[comfycool.in/images/bg-image/row-bgimage-14.jpg]
[comfycool.in/images/bg-image/row-bgimage-15.jpg]
[comfycool.in/images/bg-image/row-bgimage-16.jpg]
[comfycool.in/images/bg-image/row-bgimage-17.jpg]
[comfycool.in/images/bg-image/row-bgimage-18.jpg]
[comfycool.in/images/map.png]
[comfycool.in/images/vector_page/vector-row-bg.jpg]
[comfycool.in/images/vector_page/vector-row-bg-2.jpg]
[comfycool.in/images/vector_page/vector-row-bg-3.jpg]
[comfycool.in/images/vector_page/vector-row-bg-4.jpg]
[comfycool.in/images/bg-image/col-bgimage-1.jpg]
[comfycool.in/images/bg-image/col-bgimage-2.jpg]
[comfycool.in/images/bg-image/col-bgimage-3.jpg]
[comfycool.in/images/bg-image/col-bgimage-4.jpg]
[comfycool.in/images/bg-image/col-bgimage-5.jpg]
[comfycool.in/images/bg-image/col-bgimage-6.jpg]
[comfycool.in/images/bg-image/col-bgimage-7.jpg]
[comfycool.in/images/bg-image/col-bgimage-8.jpg]
[comfycool.in/images/bg-image/col-bgimage-9.jpg]
[comfycool.in/images/highlight-text-bg.jpg]
[comfycool.in/images/proccess-box-arrow.png]
[comfycool.in/images/process-icon-img1.png]
[comfycool.in/images/process-icon-img2.png]
[comfycool.in/images/vector_page/step-arrow2.png]
[comfycool.in/images/search-icon.png]
[comfycool.in/css/shortcodes.css]
[comfycool.in/css/main.css]
[comfycool.in/css/color-switcher.css]
[comfycool.in/css/colors/default-color.css]
[comfycool.in/images/info-left-arrow.png]
[comfycool.in/images/info-right-arrow.png]
[comfycool.in/css/responsive.css]
[comfycool.in/fonts/fontawesome-webfont3e6e3e6e.svg]
[comfycool.in/fonts/themify9f249f24.svg]
[comfycool.in/fonts/Flaticon.svg]
[comfycool.in/revolution/fonts/revicons/revicons90c690c690c6.html]
[comfycool.in/revolution/css/openhand.html]
[comfycool.in/revolution/css/closedhand.html]
[comfycool.in/revolution/assets/gridtile.html]
[comfycool.in/revolution/assets/gridtile_white.html]
[comfycool.in/revolution/assets/gridtile_3x3.html]
[comfycool.in/revolution/assets/gridtile_3x3_white.html]
[comfycool.in/revolution/assets/coloredbg.html]
[comfycool.in/revolution/assets/loader.html]
[comfycool.in/images/background/5.html]
